// Jest Snapshot v1, https://goo.gl/fbAQLP

exports[`json reporter writes each step as NDJSON to the FD 1`] = `
"{\\"type\\":\\"journey/start\\",\\"@timestamp\\":1600300800000000,\\"journey\\":{\\"name\\":\\"j1\\",\\"id\\":\\"j1\\",\\"tags\\":[\\"tag1\\",\\"other:tag\\"]},\\"payload\\":{\\"params\\":{}},\\"package_version\\":\\"0.0.1\\"}
{\\"type\\":\\"step/screenshot\\",\\"@timestamp\\":1600300800000000,\\"journey\\":{\\"name\\":\\"j1\\",\\"id\\":\\"j1\\",\\"tags\\":[\\"tag1\\",\\"other:tag\\"]},\\"step\\":{\\"name\\":\\"s1\\",\\"index\\":1},\\"blob\\":\\"dummy\\",\\"package_version\\":\\"0.0.1\\"}
{\\"type\\":\\"step/end\\",\\"@timestamp\\":1600300800000000,\\"journey\\":{\\"name\\":\\"j1\\",\\"id\\":\\"j1\\",\\"tags\\":[\\"tag1\\",\\"other:tag\\"]},\\"step\\":{\\"name\\":\\"s1\\",\\"index\\":1},\\"payload\\":{\\"source\\":\\"async () => { }\\",\\"start\\":0,\\"end\\":10,\\"url\\":\\"dummy\\",\\"status\\":\\"succeeded\\"},\\"url\\":\\"dummy\\",\\"package_version\\":\\"0.0.1\\"}
{\\"type\\":\\"journey/network_info\\",\\"@timestamp\\":1600300800000000,\\"journey\\":{\\"name\\":\\"j1\\",\\"id\\":\\"j1\\",\\"tags\\":[\\"tag1\\",\\"other:tag\\"]},\\"payload\\":{\\"request\\":{},\\"response\\":{},\\"is_navigation_request\\":true},\\"package_version\\":\\"0.0.1\\"}
{\\"type\\":\\"journey/filmstrips\\",\\"@timestamp\\":1600300800000000,\\"journey\\":{\\"name\\":\\"j1\\",\\"id\\":\\"j1\\",\\"tags\\":[\\"tag1\\",\\"other:tag\\"]},\\"payload\\":{\\"index\\":0,\\"name\\":\\"screenshot\\",\\"ts\\":1},\\"blob\\":\\"dummy\\",\\"package_version\\":\\"0.0.1\\"}
{\\"type\\":\\"journey/end\\",\\"@timestamp\\":1600300800000000,\\"journey\\":{\\"name\\":\\"j1\\",\\"id\\":\\"j1\\",\\"tags\\":[\\"tag1\\",\\"other:tag\\"]},\\"payload\\":{\\"start\\":0,\\"end\\":11,\\"status\\":\\"succeeded\\"},\\"package_version\\":\\"0.0.1\\"}
"
`;
